// Jest Snapshot v1, https://goo.gl/fbAQLP

exports[`matches snapshot 1`] = `
<DocumentFragment>
  <form>
    <label
      for="width"
    >
      Width
    </label>
    <input
      id="width"
      max="400"
      min="1"
      name="width"
      placeholder="Width"
      type="integer"
      value=""
    />
    <label
      for="height"
    >
      Height
    </label>
    <input
      id="height"
      max="400"
      min="1"
      name="height"
      type="integer"
      value=""
    />
    <label
      for="backgroundColor"
    >
      Background Color
    </label>
    <input
      id="backgroundColor"
      name="backgroundColor"
      type="text"
      value=""
    />
    <button>
      Add Item
    </button>
  </form>
</DocumentFragment>
`;
