// Jest Snapshot v1, https://goo.gl/fbAQLP

exports[`should add a todo Item 1`] = `
<DocumentFragment>
  <div
    class="TodoList"
  >
    <h3>
       Todo List
    </h3>
    <div>
      <form>
        <label
          for="task"
        >
          Task:
        </label>
        <input
          id="task"
          name="task"
          type="text"
          value=""
        />
        <button>
          Add a todo!
        </button>
      </form>
    </div>
    <div />
  </div>
</DocumentFragment>
`;
